[phongtro123.com/index.html]
[backblue.gif]
[fade.gif]
[index.html]
[phongtro123.com/images/favicon.ico]
[phongtro123.com/css/desktop.frontend.2024.mincf85.css]
[phongtro123.com/khong-tim-thay-trang]
[phongtro123.com/dang-ky-tai-khoan.html]
[phongtro123.com/dang-nhap-tai-khoan.html]
[phongtro123.com/tin-da-luu.html]
[phongtro123.com/thong-tin-ca-nhan.html]
[phongtro123.com/lich-su-giao-dich.html]
[phongtro123.com/quan-ly-tin-dang.html]
[phongtro123.com/images/logo-phongtro.svg]
[phongtro123.com/tin-da-luu-2.html]
[phongtro123.com/images/default_user.svg]
[phongtro123.com/images/login-rafiki-orange.svg]
[phongtro123.com/cho-thue-phong-tro.html]
[phongtro123.com/nha-cho-thue.html]
[phongtro123.com/cho-thue-can-ho.html]
[phongtro123.com/tim-nguoi-o-ghep.html]
[phongtro123.com/cho-thue-mat-bang.html]
[phongtro123.com/blog.html]
[phongtro123.com/bang-gia-dich-vu.html]
[phongtro123.com/cho-thue-can-ho-chung-cu-mini.html]
[phongtro123.com/cho-thue-can-ho-dich-vu.html]
[phongtro123.com/khuyen-mai-dac-biet-cho-thanh-vien-moi.html]
[phongtro123.com/images/khuyen-mai-50-cho-thanh-vien-moi.png]
[phongtro123.com/images/carousel-dang-nhanh-thue-le.png]
[phongtro123.com/tags/phong-tro-sinh-vien-tphcm.html]
[phongtro123.com/images/carousel-phongtro-sinh-vien.png]
[phongtro123.com/cho-thue-phong-o-179-28-dang-thuy-tram-phuong-13-quan-binh-thanh-tp-ho-chi-minh-pr669874.html]
[phongtro123.com/images/thumb_preload.svg]
[phongtro123.com/tinh-thanh/ho-chi-minh/quan-binh-thanh.html]
[phongtro123.com/phong-full-noi-that-gan-gigamall-2-pr669873.html]
[phongtro123.com/tinh-thanh/ho-chi-minh/quan-thu-duc.html]
[phongtro123.com/thue-ky-tuc-xa-sang-trong-lich-su-bao-tat-ca-chi-phi-pr669872.html]
[phongtro123.com/tinh-thanh/ho-chi-minh/quan-go-vap.html]
[phongtro123.com/khai-truong-phong-moi-noi-that-day-du-cua-so-gan-nguyen-anh-thu-pr669871.html]
[phongtro123.com/tinh-thanh/ho-chi-minh/quan-12.html]
[phongtro123.com/cho-thue-phong-29m2-ban-cong-rong-thoang-noi-that-moi-ngay-binh-loi-binh-thanh-gan-vlu3-giap-gv-pr669869.html]
[phongtro123.com/cho-thue-can-ho-studio-moi-xay-full-noi-that-cua-so-troi-ngay-vong-xoay-le-dai-hanh-pr669868.html]
[phongtro123.com/cho-thue-can-ho-dich-vu-quan-tan-binh.html]
[phongtro123.com/cho-thue-van-phong-vi-tri-dac-dia-tai-219b-no-trang-long-binh-thanh-2-pr669865.html]
[phongtro123.com/cho-thue-mat-bang-quan-binh-thanh-ho-chi-minh.html]
[phongtro123.com/phong-moi-xay-chi-voi-3-trieu-100-phong-moi-chua-qua-su-dung-pr669863.html]
[phongtro123.com/tinh-thanh/ho-chi-minh/quan-9.html]
[phongtro123.com/cho-thue-ktx-nam-cao-cap-vinhome-grand-park-quan-9-pr669861.html]
[phongtro123.com/cho-thue-phong-tro-co-gac-gio-tu-do-khong-chung-chu-bao-ve-24-24-pr669860.html]
[phongtro123.com/tinh-thanh/ho-chi-minh/quan-2.html]
[phongtro123.com/cho-thue-phong-tro-cua-so-thoang-gia-tot-moi-xay-ngay-cong-vien-lang-hoa-pr669859.html]
[phongtro123.com/phong-tro-gia-re-chua-qua-su-dung-gia-chi-3tr5-ngay-phu-tho-hoa-quan-tan-phu-pr669858.html]
[phongtro123.com/tinh-thanh/ho-chi-minh/quan-tan-phu.html]
[phongtro123.com/cho-thue-can-ho-dich-vu-phuong-ben-thanh-quan-1-pr669857.html]
[phongtro123.com/cho-thue-can-ho-dich-vu-quan-1.html]
[phongtro123.com/cho-thue-can-ho-cao-cap-cuc-pham-studio-tai-quan-7-pr669856.html]
[phongtro123.com/cho-thue-can-ho-chung-cu-mini-quan-7.html]
[phongtro123.com/cho-thue-can-ho-2pn-tan-binh-gan-san-bay-sieu-dep-pr669855.html]
[phongtro123.com/cho-thue-can-ho-chung-cu-quan-tan-binh-ho-chi-minh.html]
[phongtro123.com/loai-can-ho-1-phong-ngu-du-an-moi-duong-so-5-kdc-trung-son-pr669854.html]
[phongtro123.com/cho-thue-can-ho-dich-vu-huyen-binh-chanh.html]
[phongtro123.com/cho-thue-phong-tro-20m2-2tr3-tan-thoi-nhat-quan-12-pr669853.html]
[phongtro123.com/cho-thue-phong-duplex-day-du-noi-that-ngay-cong-vien-lang-hoa-chi-3tr7-pr669851.html]
[phongtro123.com/phong-ban-cong-20m2-thoang-mat-gio-giac-tu-do-an-ninh-giam-them-500k-pr669850.html]
[phongtro123.com/cho-thue-phong-tro-gac-may-lanh-ngay-duong-quang-ham-gia-chi-3tr5-pr669848.html]
[phongtro123.com/cho-thue-can-ho-day-du-noi-that-thang-may-gia-cuc-ky-uu-dai-pr669847.html]
[phongtro123.com/cho-thue-can-ho-dich-vu-quan-go-vap.html]
[phongtro123.com/phong-tro-moi-co-ban-cong-18m2-khu-dan-cu-linh-dong-thu-duc-pr669846.html]
[phongtro123.com/cho-thue-ch-tang-1-50m2-san-vuon-bt-1-ngu-gia-6t500-thang-pr669843.html]
[phongtro123.com/cho-thue-can-ho-dich-vu-quan-ba-dinh.html]
[phongtro123.com/he-thong-ky-tuc-xa-sleepbox-thu-duc-gia-khuyen-mai-thang-dau-chi-700k-tuy-chi-nhanh-2-pr669842.html]
[phongtro123.com/phong-tro-co-gac-gia-re-ngay-cau-kinh-thanh-da-gia-chi-2tr8-pr669839.html]
[phongtro123.com/chung-cu-ruby-garden-nguyen-sy-sach-tb-2pn-ngu-2wc-11tr-98m2-pr669838.html]
[phongtro123.com/35m2-phong-cao-cap-noi-that-gio-giac-tu-do-thang-may-giam-500k-pr669837.html]
[phongtro123.com/cho-thue-phong-an-ninh-gia-cuc-ki-mem-tai-p22-binh-thanh-pr669836.html]
[phongtro123.com/nha-tro-co-gac-full-noi-that-duong-thanh-xuan-43-quan-12-pr669835.html]
[phongtro123.com/phong-ke-ben-cho-ho-thi-ki-25m2-full-noi-that-3-3tr-pr669834.html]
[phongtro123.com/tinh-thanh/ho-chi-minh/quan-10.html]
[phongtro123.com/can-ho-ban-cong-rieng-moi-100-day-du-noi-that-ngay-etown-cong-hoa-nhat-chi-mai-pr669833.html]
[phongtro123.com/cho-thue-can-ho-chung-cu-mini-quan-tan-binh.html]
[phongtro123.com/phong-20m2-co-ban-cong-gac-gan-nga-4-thu-duc-truong-tc-marketing-pr669830.html]
[phongtro123.com/chinh-chu-cho-thue-lau-1-loi-di-rieng-tai-40-7-tran-quang-dieu-phuong-14-quan-3-pr669829.html]
[phongtro123.com/tinh-thanh/ho-chi-minh/quan-3.html]
[phongtro123.com/trong-san-1-phong-co-may-lanh-gac-cao-pr669827.html]
[phongtro123.com/phong-tro-cho-1-nguoi-o-mien-phi-dien-nuoc-pr669826.html]
[phongtro123.com/tinh-thanh/ho-chi-minh.html]
[phongtro123.com/tinh-thanh/ha-noi.html]
[phongtro123.com/tinh-thanh/da-nang.html]
[phongtro123.com/tinh-thanh/binh-duong.html]
[phongtro123.com/chinh-chu-cho-thue-phong-tro-cuc-ki-an-ninh-tai-ho-van-hue-phuong-9-quan-phu-nhuan-pr669812.html]
[phongtro123.com/tinh-thanh/ho-chi-minh/quan-phu-nhuan.html]
[phongtro123.com/tinh-thanh/ho-chi-minh/phong-tro-dang-can-ho-mini-cao-cap-tai-796-le-duc-tho-p-15-quan-go-vap.html]
[phongtro123.com/khai-truong-phong-tro-cao-cap-moi-100-sach-se-an-ninh-ngay-ma-lo-tan-ky-tan-quy-pr669462.html]
[phongtro123.com/tinh-thanh/ho-chi-minh/quan-binh-tan.html]
[phongtro123.com/cho-thue-phong-cao-cap-day-du-tien-nghi-giam-gia-mua-dich-vo-o-lien-pr591796.html]
[phongtro123.com/tinh-thanh/ho-chi-minh/quan-tan-binh.html]
[phongtro123.com/phong-thue-rieng-chung-cu-era-town-quan-7-pr609404.html]
[phongtro123.com/tinh-thanh/ho-chi-minh/quan-7.html]
[phongtro123.com/chinh-chu-cho-thue-phong-tro-duong-ung-van-khiem-quan-binh-thanh-pr649687.html]
[phongtro123.com/tinh-thanh/ho-chi-minh/cho-thue-phong-tro-cao-cap-tai-64-truong-van-bang-binh-trung-tay.html]
[phongtro123.com/tinh-thanh/ho-chi-minh/cho-thue-phong-tro-moi-xay-chinh-chu-gia-re-quan-tan-phu.html]
[phongtro123.com/phong-tro-ngay-thanh-thai-trung-tam-quan-10-dep-trang-bi-day-du-noi-that-pr612116.html]
[phongtro123.com/tinh-thanh/ho-chi-minh/cho-thue-phong-tro-chinh-chu-ban-cong-thang-may-gia-re.html]
[phongtro123.com/phong-cho-thue-du-moi-tien-nghi-gio-giac-tu-do-ngay-cong-vien-hoang-van-thu-quan-tan-binh-pr314706.html]
[phongtro123.com/tinh-thanh/ho-chi-minh/can-ho-mini-cao-cap-tai-bakista-apartment-moi-100-mat-tien-d-hoa-hoa-tham-thang-may-gio-tu-do-bv-24-24-may-lanh.html]
[phongtro123.com/cho-thue-nha-nguyen-can-ho-chi-minh.html]
[phongtro123.com/cho-thue-nha-nguyen-can-ha-noi.html]
[phongtro123.com/cho-thue-nha-nguyen-can-da-nang.html]
[phongtro123.com/cho-thue-nha-nguyen-can-binh-duong.html]
[phongtro123.com/chinh-chu-cho-thue-nha-nguyen-can-rong-35m2-tai-519-48-duong-au-co-phu-trung-quan-tan-phu-pr668143.html]
[phongtro123.com/cho-thue-nha-nguyen-can-quan-tan-phu-ho-chi-minh.html]
[phongtro123.com/cho-thue-nha-nguyen-can-quan-tan-binh-giap-quan-11-10-pr667962.html]
[phongtro123.com/cho-thue-nha-nguyen-can-quan-tan-binh-ho-chi-minh.html]
[phongtro123.com/nha-nguyen-can-gia-re-quan-6-khong-ngap-nuoc-pr669822.html]
[phongtro123.com/cho-thue-nha-nguyen-can-quan-6-ho-chi-minh.html]
[phongtro123.com/cho-thue-nha-nguyen-can-vi-tri-dep-nha-moi-pr669808.html]
[phongtro123.com/cho-thue-nha-nguyen-can-quan-7-ho-chi-minh.html]
[phongtro123.com/chinh-chu-cho-thue-nha-35m2-x-5-tang-tai-ngo-6-pho-vinh-phuc-ba-dinh-pr669491.html]
[phongtro123.com/cho-thue-nha-nguyen-can-quan-ba-dinh-ha-noi.html]
[phongtro123.com/cho-thue-nha-pho-citibella-5x16-1-tret-2-lau-4-pn-4-wc-14tr-full-noi-that-xem-nha-lh-0908-789-264-pr669780.html]
[phongtro123.com/cho-thue-nha-nguyen-can-quan-2-ho-chi-minh.html]
[phongtro123.com/cho-thue-nha-nguyen-can-quan-hai-chau-pr669751.html]
[phongtro123.com/cho-thue-nha-nguyen-can-quan-hai-chau-da-nang.html]
[phongtro123.com/cho-thue-nha-khu-dan-cu-an-ninh-tran-thi-nam-q12-pr669750.html]
[phongtro123.com/cho-thue-nha-nguyen-can-quan-12-ho-chi-minh.html]
[phongtro123.com/cho-thue-a-hem-lon-2-phong-ngu-1-phong-an-1-phong-khach-1-bep-1-toilet-duong-nguyen-trung-truc-pr669748.html]
[phongtro123.com/cho-thue-nha-nguyen-can-thanh-pho-da-lat.html]
[phongtro123.com/nha-cho-thue-nguyen-can-dt-4m-10m-gac-suot-pr614671.html]
[phongtro123.com/cho-thue-nha-nguyen-can-quan-9-ho-chi-minh.html]
[phongtro123.com/cho-thue-nha-cu-xa-do-thanh-duong-so-4-p4-q3-dt-3-6x16m-2-tang-gia-16-trieu-pr669081.html]
[phongtro123.com/cho-thue-nha-nguyen-can-quan-3-ho-chi-minh.html]
[phongtro123.com/can-cho-thue-nha-mat-tien-nguyen-ngay-duong-tam-da-phuong-long-truong-quan-9-gia-7-trieu-thang-pr669690.html]
[phongtro123.com/cho-thue-can-ho-chung-cu-ho-chi-minh.html]
[phongtro123.com/cho-thue-can-ho-chung-cu-ha-noi.html]
[phongtro123.com/cho-thue-can-ho-chung-cu-da-nang.html]
[phongtro123.com/cho-thue-can-ho-chung-cu-binh-duong.html]
[phongtro123.com/phong-can-ho-dich-vu-full-noi-that-new-100-may-giac-rieng-thang-may-pr669701.html]
[phongtro123.com/cho-thue-can-ho-dich-vu-quan-tan-phu.html]
[phongtro123.com/can-ho-moi-full-nt-ngay-sat-san-bay-tan-son-nhat-2-pr669000.html]
[phongtro123.com/chdv-full-noi-that-thoang-gio-troi-100-le-van-duyet-q-binh-thanh-pr668559.html]
[phongtro123.com/cho-thue-can-ho-dich-vu-quan-binh-thanh.html]
[phongtro123.com/phong-chdv-full-noi-that-pho-duc-chinh-q-binh-thanh-pr669379.html]
[phongtro123.com/can-ho-2-phong-ngu-canh-cho-h-h-tham-etwon-bau-cat-pr612600.html]
[phongtro123.com/phong-can-ho-mini-full-noi-that-ngay-dg-nguyen-van-huong-phuong-thao-dien-q2-pr653436.html]
[phongtro123.com/cho-thue-can-ho-dich-vu-quan-2.html]
[phongtro123.com/cho-thue-can-ho-dich-vu-full-noi-that-hem-duong-nguyen-thai-son-noi-dai-phong-20m2-co-cua-so-thong-pr669815.html]
[phongtro123.com/cho-thue-can-ho-studio-full-noi-that-204-tran-duy-hung-gan-bigc-vincom-d-capitale-charmvit-tower-grand-plaza-pr605327.html]
[phongtro123.com/cho-thue-can-ho-dich-vu-quan-cau-giay.html]
[phongtro123.com/cho-thue-can-studio-full-do-tu-2-3-6-thang-tai-mat-duong-204-tran-duy-hung-doi-dien-charmvit-tower-vincom-d-capital-pr605632.html]
[phongtro123.com/cho-thue-can-ho-chung-cu-mini-quan-cau-giay.html]
[phongtro123.com/can-ho-1-phong-ngu-ngay-lotte-cau-kenh-te-gan-dai-hoc-tdtu-ufm-thuan-tien-di-chuyen-cac-quan-pr669742.html]
[phongtro123.com/can-ho-quan-4-gia-chi-5tr1-sat-trung-tam-sai-gon-pr614577.html]
[phongtro123.com/cho-thue-can-ho-dich-vu-quan-4.html]
[phongtro123.com/tim-nguoi-o-ghep-ho-chi-minh.html]
[phongtro123.com/tim-nguoi-o-ghep-ha-noi.html]
[phongtro123.com/tim-nguoi-o-ghep-binh-duong.html]
[phongtro123.com/tim-nguoi-o-ghep-da-nang.html]
[phongtro123.com/tim-nguoi-o-ghep-gap-20-8-2022-pr604670.html]
[phongtro123.com/tim-nguoi-o-ghep-quan-3-ho-chi-minh.html]
[phongtro123.com/tinh-thanh/ho-chi-minh/o-ghep-tron-goi-900k-ngay-lotte-mart.html]
[phongtro123.com/tim-nguoi-o-ghep-quan-7-ho-chi-minh.html]
[phongtro123.com/tinh-thanh/ho-chi-minh/phong-o-ghep-nha-sach-nguyen-van-cu-duong-pham-hung.html]
[phongtro123.com/tim-nguoi-o-ghep-quan-8-ho-chi-minh.html]
[phongtro123.com/o-ghep-gan-truong-cao-thang-q1-pr310536.html]
[phongtro123.com/tim-nguoi-o-ghep-quan-1-ho-chi-minh.html]
[phongtro123.com/tinh-thanh/ho-chi-minh/o-ghep-tron-goi-1tr-ngay-cau-khanh-hoi.html]
[phongtro123.com/tim-nguoi-o-ghep-quan-4-ho-chi-minh.html]
[phongtro123.com/tinh-thanh/ho-chi-minh/phong-o-ghep-600k-may-lanh-may-nuoc-nong-nha-sach-nguyen-van-cu-pham-hung.html]
[phongtro123.com/tinh-thanh/ho-chi-minh/homestay-hoang-phuc-tien-nghi-cao-cap.html]
[phongtro123.com/o-ghep-tron-goi-1tr5-ca-de-xe-dien-nuoc-sat-truong-dai-hoc-pr627225.html]
[phongtro123.com/tim-nguoi-o-ghep-quan-5-ho-chi-minh.html]
[phongtro123.com/ky-tuc-xa-gan-dh-nguyen-tat-thanh-dh-ton-duc-thang-pr668122.html]
[phongtro123.com/phong-ktx-o-ghep-full-tien-nghi-chi-1-7tr-nguoi-bao-dien-nuoc-ngay-quoc-huong-thao-dien-q2-pr648776.html]
[phongtro123.com/tim-nguoi-o-ghep-quan-2-ho-chi-minh.html]
[phongtro123.com/ktx-1tr4-full-chi-phi-124-cong-hoa-day-du-tien-nghi-noi-that-sach-se-gon-thoang-pr648010.html]
[phongtro123.com/tim-nguoi-o-ghep-quan-tan-binh-ho-chi-minh.html]
[phongtro123.com/can-tim-1-ban-nu-vao-o-ghep-phong-3ng-da-co-2ng-pr669591.html]
[phongtro123.com/cho-thue-mat-bang-ho-chi-minh.html]
[phongtro123.com/cho-thue-mat-bang-ha-noi.html]
[phongtro123.com/cho-thue-mat-bang-da-nang.html]
[phongtro123.com/cho-thue-mat-bang-binh-duong.html]
[phongtro123.com/cho-thue-mat-bang-kinh-doanh-4mx9m-4mx12m-san-truoc-quan-go-vap-pr317642.html]
[phongtro123.com/cho-thue-mat-bang-quan-go-vap-ho-chi-minh.html]
[phongtro123.com/mat-bang-hem-lon-cu-xa-lu-gia-gom-1tret-1-lung-2-pr667592.html]
[phongtro123.com/cho-thue-mat-bang-quan-11-ho-chi-minh.html]
[phongtro123.com/cho-thue-mb-kiot-o-hoac-kinh-doanh-ngay-phan-anh-to-hieu-pr669733.html]
[phongtro123.com/cho-thue-mat-bang-quan-binh-tan-ho-chi-minh.html]
[phongtro123.com/van-phong-cho-thue-hxh-21-truong-son-p-4-q-tan-binh-ngay-san-bay-tsn-pr655080.html]
[phongtro123.com/cho-thue-mat-bang-quan-tan-binh-ho-chi-minh.html]
[phongtro123.com/mat-bang-dep-cho-thue-duong-tan-son-nhi-q-tan-phu-giam-gia-nhieu-o-lai-duoc-wc-rieng-kd-tu-do-pr590211.html]
[phongtro123.com/cho-thue-mat-bang-quan-tan-phu-ho-chi-minh.html]
[phongtro123.com/cho-thue-van-phong-kdc-nam-long-quan-7-tphcm-pr668252.html]
[phongtro123.com/cho-thue-mat-bang-quan-7-ho-chi-minh.html]
[phongtro123.com/cho-thue-lo-dat-mat-tien-duong-pham-huu-lau-phu-my-quan-7-pr668088.html]
[phongtro123.com/cho-thue-mat-bang-kinh-doanh-vi-tri-dac-dia-pr665406.html]
[phongtro123.com/cho-thue-mat-bang-kinh-doanh-phu-my-quan-7-2-pr669787.html]
[phongtro123.com/cho-thue-mat-bang-moi-ngay-mt-duong-ql50-pr669769.html]
[phongtro123.com/cho-thue-mat-bang-huyen-binh-chanh-ho-chi-minh.html]
[phongtro123.com/cho-thue-van-phong-q-4-hcm-den-lam-viec-ngay-090-333-8987-hai-2-pr669327.html]
[phongtro123.com/cho-thue-mat-bang-quan-4-ho-chi-minh.html]
[phongtro123.com/quy-dinh-an-toan-phong-chay-chua-chay-tai-cac-nha-tro-cho-thue.html]
[pt123.cdn.static123.com/images/thumbs/450x300/fit/2024/07/11/quy-dinh-an-toan-phong-chay-chua-chay-tai-nha-tro-cho-thue_1720691139.jpg]
[phongtro123.com/tin-tuc-thi-truong-c821.html]
[phongtro123.com/dong-tien-thue-phong-tro-dau-thang-hay-cuoi-thang.html]
[pt123.cdn.static123.com/images/thumbs/450x300/fit/2024/07/10/dong-tien-tro-dau-thang-hay-cuoi-thang_1720575516.jpg]
[phongtro123.com/hoi-dap-c11855.html]
[phongtro123.com/tien-dat-coc-thue-phong-tro-co-lay-lai-duoc-khong.html]
[pt123.cdn.static123.com/images/thumbs/450x300/fit/2024/07/11/tien-coc-thue-tro-co-lay-lai-duoc-khong_1720661417.jpg]
[phongtro123.com/lo-dien-top-5-khu-vuc-hot-nhat-de-thue-phong-tro-tai-tphcm.html]
[pt123.cdn.static123.com/images/thumbs/450x300/fit/2024/07/06/top-5-khu-vuc-hot-nhat-thue-phong-tro-tphcm_1720236454.jpg]
[phongtro123.com/news/hop-dong-thue-nha-tro-phong-tro.html]
[pt123.cdn.static123.com/images/thumbs/450x300/fit/2021/05/21/hop-dong-cho-thue-phong-tro-nha-tro-phongtro123_1621583062.jpg]
[phongtro123.com/mau-hop-dong-c825.html]
[phongtro123.com/thue-phong-tro/kinh-nghiem-thue-phong-tro-tranh-bi-lua-gat.html]
[pt123.cdn.static123.com/images/thumbs/450x300/fit/2019/09/07/canh-bao-lua-dao-khi-thue-phong_1567825188.jpg]
[phongtro123.com/kinh-nghiem-c822.html]
[phongtro123.com/kinh-nghiem/chia-se-10-kinh-nghiem-khi-thue-phong-tro-cho-sinh-vien.html]
[pt123.cdn.static123.com/images/thumbs/450x300/fit/2019/09/07/kinh-nghiem-cho-sinh-vien-khi-di-thue-phong-tro_1567825006.jpg]
[phongtro123.com/top-5-buoc-dang-tin-cho-thue-phong-tro-mien-phi-va-hieu-qua.html]
[pt123.cdn.static123.com/images/thumbs/450x300/fit/2023/12/12/5-buoc-dang-tin-cho-thue-phong-tro-hieu-qua-va-chat-luong_1702366147.jpg]
[phongtro123.com/images/contact-us-pana-orange.svg]
[phongtro123.com/tinh-thanh/can-tho.html]
[phongtro123.com/tinh-thanh/dong-nai.html]
[phongtro123.com/tinh-thanh/ba-ria-vung-tau.html]
[phongtro123.com/tinh-thanh/khanh-hoa.html]
[phongtro123.com/cho-thue-nha-nguyen-can-dong-nai.html]
[phongtro123.com/cho-thue-nha-nguyen-can-can-tho.html]
[phongtro123.com/cho-thue-nha-nguyen-can-khanh-hoa.html]
[phongtro123.com/cho-thue-can-ho-chung-cu-hai-phong.html]
[phongtro123.com/cho-thue-can-ho-chung-cu-khanh-hoa.html]
[phongtro123.com/cho-thue-mat-bang-can-tho.html]
[phongtro123.com/tim-nguoi-o-ghep-can-tho.html]
[phongtro123.com/tim-nguoi-o-ghep-dong-nai.html]
[phongtro123.com/tim-nguoi-o-ghep-hai-phong.html]
[phongtro123.com/tim-nguoi-o-ghep-khanh-hoa.html]
[phongtro123.com/images/logo-bds123.svg]
[phongtro123.com/images/logo-chothuenha.svg]
[phongtro123.com/images/logo-thuecanho.svg]
[phongtro123.com/gioi-thieu.html]
[phongtro123.com/quy-che-hoat-dong.html]
[phongtro123.com/quy-dinh-su-dung.html]
[phongtro123.com/chinh-sach-bao-mat.html]
[phongtro123.com/lien-he.html]
[phongtro123.com/cau-hoi-thuong-gap.html]
[phongtro123.com/huong-dan-su-dung.html]
[phongtro123.com/quy-dinh-dang-tin.html]
[phongtro123.com/chinh-sach-giai-quyet-khieu-nai.html]
[phongtro123.com/cdn-cgi/l/email-protection.html]
[images.dmca.com/Badges/dmca-badge-w250-2x1-044ecc.png]
[phongtro123.com/images/bds123_120_300.gif]
[phongtro123.com/images/banner-thuecanho.jpg]
[phongtro123.com/cdn-cgi/scripts/5c5dd728/cloudflare-static/email-decode.min.js]
[phongtro123.com/js/desktop.frontend.2024.mincf85.js]
[phongtro123.com/index.html]
[phongtro123.com/search_box/js/searchcf85.js]
[phongtro123.com/images/bi-search-orange.svg]
[phongtro123.com/images/bi-chat-text-white.svg]
[phongtro123.com/images/bi-wallet.svg]
[phongtro123.com/images/bi-wallet2.svg]
[phongtro123.com/images/bi-check2-all.svg]
[phongtro123.com/images/bi-check2-all-white.svg]
[phongtro123.com/images/bi-shield-check.svg]
[phongtro123.com/images/bi-star-fill.svg]
[phongtro123.com/images/bi-star-fill-yellow.svg]
[phongtro123.com/images/bi-search.svg]
[phongtro123.com/images/bi-search-blue.svg]
[phongtro123.com/images/bi-send.svg]
[phongtro123.com/images/bi-send-white.svg]
[phongtro123.com/images/bi-newspaper.svg]
[phongtro123.com/images/bi-people.svg]
[phongtro123.com/images/bi-building.svg]
[phongtro123.com/images/bi-buildings.svg]
[phongtro123.com/images/bi-shop-window.svg]
[phongtro123.com/images/bi-house-door.svg]
[phongtro123.com/images/bi-houses.svg]
[phongtro123.com/images/bi-lock.svg]
[phongtro123.com/images/bi-shield-lock.svg]
[phongtro123.com/images/bi-crop.svg]
[phongtro123.com/images/bi-crop-orange.svg]
[phongtro123.com/images/bi-tag.svg]
[phongtro123.com/images/bi-tag-orange.svg]
[phongtro123.com/images/bi-tags.svg]
[phongtro123.com/images/bi-clock-history.svg]
[phongtro123.com/images/bi-calendar4-week.svg]
[phongtro123.com/images/bi-caret-down-fill.svg]
[phongtro123.com/images/bi-caret-down-fill-orange.svg]
[phongtro123.com/images/bi-caret-down-fill-blue.svg]
[phongtro123.com/images/bi-filter.svg]
[phongtro123.com/images/bi-filter-white.svg]
[phongtro123.com/images/bi-funnel.svg]
[phongtro123.com/images/bi-funnel-white.svg]
[phongtro123.com/images/bi-info-circle.svg]
[phongtro123.com/images/bi-floppy.svg]
[phongtro123.com/images/bi-floppy-white.svg]
[phongtro123.com/images/bi-arrow.svg]
[phongtro123.com/images/bi-arrow-orange.svg]
[phongtro123.com/images/bi-arrow-left-long.svg]
[phongtro123.com/images/bi-arrow-left-long-white.svg]
[phongtro123.com/images/bi-arrow-left-long-orange.svg]
[phongtro123.com/images/bi-arrow-left-long-blue.svg]
[phongtro123.com/images/bi-arrow-white.svg]
[phongtro123.com/images/bi-arrow-blue.svg]
[phongtro123.com/images/bi-window-plus.svg]
[phongtro123.com/images/bi-box-arrow-right.svg]
[phongtro123.com/images/bi-login.svg]
[phongtro123.com/images/bi-register.svg]
[phongtro123.com/images/bi-x.svg]
[phongtro123.com/images/bi-x-white.svg]
[phongtro123.com/images/bi-x-red.svg]
[phongtro123.com/images/bi-check2.svg]
[phongtro123.com/images/bi-check2-white.svg]
[phongtro123.com/images/bi-plus-square-fill.svg]
[phongtro123.com/images/bi-exclamation-diamond-fill.svg]
[phongtro123.com/images/bi-check-circle.svg]
[phongtro123.com/images/bi-check-circle-fill.svg]
[phongtro123.com/images/bi-check-circle-fill-orange.svg]
[phongtro123.com/images/bi-check-circle-fill-green.svg]
[phongtro123.com/images/bi-check-circle-fill-light.svg]
[phongtro123.com/images/bi-eye.svg]
[phongtro123.com/images/bi-eye-slash.svg]
[phongtro123.com/images/bi-exclamation-triangle.svg]
[phongtro123.com/images/bi-exclamation-circle.svg]
[phongtro123.com/images/bi-exclamation-circle-red.svg]
[phongtro123.com/images/bi-exclamation-circle-white.svg]
[phongtro123.com/images/bi-exclamation-circle-fill.svg]
[phongtro123.com/images/bi-exclamation-circle-fill-orange.svg]
[phongtro123.com/images/bi-exclamation-circle-fill-red.svg]
[phongtro123.com/images/bi-arrow-down-up.svg]
[phongtro123.com/images/bi-posting.svg]
[phongtro123.com/images/bi-posting-white.svg]
[phongtro123.com/images/bi-person.svg]
[phongtro123.com/images/bi-folder.svg]
[phongtro123.com/images/bi-folder-white.svg]
[phongtro123.com/images/bi-house.svg]
[phongtro123.com/images/bi-house-orange.svg]
[phongtro123.com/images/bi-house-white.svg]
[phongtro123.com/images/bi-flag.svg]
[phongtro123.com/images/bi-share.svg]
[phongtro123.com/images/bi-camera.svg]
[phongtro123.com/images/bi-camera-white.svg]
[phongtro123.com/images/bi-camera-fill.svg]
[phongtro123.com/images/bi-camera-fill-white.svg]
[phongtro123.com/images/bi-camera-video.svg]
[phongtro123.com/images/bi-camera-video-white.svg]
[phongtro123.com/images/bi-map.svg]
[phongtro123.com/images/bi-map-blue.svg]
[phongtro123.com/images/bo-cong-thuong.png]
[phongtro123.com/images/bi-cash.svg]
[phongtro123.com/images/bi-internet-banking.svg]
[phongtro123.com/images/bi-qr-code-scan.svg]
[phongtro123.com/images/i-chuyenkhoan.png]
[phongtro123.com/images/zalopay-new.png]
[phongtro123.com/images/bi-momo.svg]
[phongtro123.com/images/shopeepay.svg]
[phongtro123.com/images/shopeepay-white.svg]
[phongtro123.com/images/bi-jcb.svg]
[phongtro123.com/images/bi-mastercard.svg]
[phongtro123.com/images/bi-visa.svg]
[phongtro123.com/images/bi-twitter.svg]
[phongtro123.com/images/bi-youtube.svg]
[phongtro123.com/images/bi-facebook.svg]
[phongtro123.com/images/bi-grid-1x2.svg]
[phongtro123.com/images/bi-list.svg]
[phongtro123.com/images/bi-list-orange.svg]
[phongtro123.com/images/bi-list-white.svg]
[phongtro123.com/images/bi-zalo.svg]
[phongtro123.com/images/bi-question-circle.svg]
[phongtro123.com/images/bi-chat-dots.svg]
[phongtro123.com/images/bi-chat-dots-orange.svg]
[phongtro123.com/images/bi-question-circle-orange.svg]
[phongtro123.com/images/bi-headset.svg]
[phongtro123.com/images/bi-headset-white.svg]
[phongtro123.com/images/bi-headset-orange.svg]
[phongtro123.com/images/bi-heart.svg]
[phongtro123.com/images/bi-heart-white.svg]
[phongtro123.com/images/bi-telephone.svg]
[phongtro123.com/images/bi-telephone-fill.svg]
[phongtro123.com/images/bi-telephone-fill-white.svg]
[phongtro123.com/images/location-pin.svg]
[phongtro123.com/images/location-pin-orange.svg]
[phongtro123.com/images/bi-image.svg]
[phongtro123.com/images/bi-image-white.svg]
[phongtro123.com/images/bi-play-fill-white.svg]
[phongtro123.com/images/bi-play-fill-orange.svg]
[phongtro123.com/images/bi-trash.svg]
[phongtro123.com/images/bi-trash-red.svg]
[phongtro123.com/images/bi-copy.svg]
[phongtro123.com/images/bi-copy-white.svg]
[phongtro123.com/images/bi-arrow-right-circle.svg]
[phongtro123.com/images/bi-arrow-right-circle-orange.svg]
[phongtro123.com/images/logo-phongtro-white.svg]
[phongtro123.com/images/location_hcm.jpg]
[phongtro123.com/images/location_hn.jpg]
[phongtro123.com/images/location_dn.jpg]
[phongtro123.com/images/bi-heart-fill.svg]
[phongtro123.com/images/chothuenhanh-label.png]
[phongtro123.com/images/label-thuenhanh-2.png]
[phongtro123.com/images/location-icon.svg]
[phongtro123.com/images/building-icon.svg]
[phongtro123.com/images/price-icon.svg]
[phongtro123.com/images/acreage-icon.svg]
[phongtro123.com/images/magnifying-glass.svg]
[phongtro123.com/images/arrow-right.svg]
[phongtro123.com/images/bi-checkbox.svg]
[phongtro123.com/css/desktop.frontend.2024.mincf85.css]
[phongtro123.com/khong-tim-thay-trang.html]
[phongtro123.com/images/bi-checkbox-checked-orange.svg]
[phongtro123.com/js/3rd/sweetalert2.min.js]
[phongtro123.com/js/3rd/toastr.min.js]
[phongtro123.com/js/3rd/jquery.countdown.min.js]
[phongtro123.com/dang-ky-tai-khoan.html]
[phongtro123.com/js/phongtro123.dashboard.maincf85.js]
[phongtro123.com/dang-nhap-tai-khoan.html]
[phongtro123.com/quen-mat-khau.html]
[phongtro123.com/quy-trinh-dang-ky-tam-tru-cho-nguoi-thue-phong-tro-moi-nhat.html]
[phongtro123.com/thu-tuc-thue-phong-tro-chinh-xac-danh-cho-nguoi-nuoc-ngoai.html]
[phongtro123.com/tin-da-luu.html]
[phongtro123.com/thong-tin-ca-nhan.html]
[phongtro123.com/lich-su-giao-dich.html]
[phongtro123.com/quan-ly-tin-dang.html]
[phongtro123.com/images/logo-phongtro.svg]
[phongtro123.com/tin-da-luu-2.html]
[phongtro123.com/images/default_user.svg]
[phongtro123.com/images/login-rafiki-orange.svg]
[phongtro123.com/cho-thue-phong-troa76d]
[phongtro123.com/cho-thue-phong-tro9f9e]
[phongtro123.com/images/default-user.svg]
[pt123.cdn.static123.com/images/thumbs/450x300/fit/2024/08/09/z5713455168024-ccda1e38ce32297e6f81d40431003eee_1723171698.jpg]
[pt123.cdn.static123.com/images/thumbs/450x300/fit/2024/11/10/img-9109_1731221610.jpg]
[phongtro123.com/cho-thue-phong-tro-moi-rieng-biet-rong-thoang-sau-nha-175-phan-anh-pr609989.html]
[phongtro123.com/ky-tuc-xa-ngay-dai-hoc-tai-chinh-marketing-tan-binh-bao-dien-nuoc-chi-1tr6-pr595869.html]
[phongtro123.com/cho-thue-nha-tro-cao-cap-nhat-quang-0888992345-pr310132.html]
[phongtro123.com/chinh-chu-cho-thue-tro-an-ninh-gan-san-bay-truong-chinh-cong-hoa-pr661397.html]
[phongtro123.com/can-ho-moi-100-gan-dh-tai-chinh-marketing-khu-cnc-q9-pr669590.html]
[phongtro123.com/cho-thue-phong-day-du-tien-nghi-ngay-tren-duong-hoang-hoa-tham-quan-binh-thanh-pr593355.html]
[phongtro123.com/chinh-chu-cho-thue-phong-full-noi-that-gan-san-bay-de-di-vao-cac-quan-trung-tam-30m2-gia-6tr-pr668335.html]
[phongtro123.com/phong-co-noi-that-ban-cong-thoang-mat-dt-30m2-gia-4-5tr-duong-cong-hoa-pr647123.html]
[phongtro123.com/cho-thue-phong-tro4658.html]
[phongtro123.com/cho-thue-phong-tro9ba9.html]
[phongtro123.com/cho-thue-phong-trofdb0.html]
[phongtro123.com/tags/ky-tuc-xa-tphcm.html]
[phongtro123.com/tags/phong-tro-duoi-1-trieu-tphcm.html]
[phongtro123.com/tags/phong-tro-duoi-2-trieu-tphcm.html]
[phongtro123.com/tags/phong-tro-quan-1-gia-800k.html]
[phongtro123.com/tags/phong-tro-go-vap-duoi-2-trieu.html]
[phongtro123.com/tags/phong-tro-quan-10-gia-duoi-2-trieu.html]
[phongtro123.com/tags/phong-tro-binh-thanh-duoi-2-trieu.html]
[phongtro123.com/cho-thue-phong-tro1eb7]
[phongtro123.com/cho-thue-phong-tro0f58]
[phongtro123.com/cho-thue-phong-tro.1f656c5.delayed]
[phongtro123.com/cho-thue-phong-tro.1f7e9e9.delayed]
[phongtro123.com/cho-thue-phong-tro.1f81179.delayed]
[phongtro123.com/cho-thue-phong-tro.1f92037.delayed]
[phongtro123.com/cho-thue-phong-tro.1faf318.delayed]
[phongtro123.com/cho-thue-phong-tro.1fba646.delayed]
[phongtro123.com/cho-thue-phong-tro.1fcf85e.delayed]
[phongtro123.com/cho-thue-phong-tro.1fdb6c5.delayed]
[phongtro123.com/cho-thue-phong-tro.1feffb2.delayed]
[phongtro123.com/cho-thue-phong-tro.1ff7c6c.delayed]
[phongtro123.com/cho-thue-phong-tro.2003b56.delayed]
[phongtro123.com/cho-thue-phong-tro.201e1a1.delayed]
[pt123.cdn.static123.com/images/thumbs/900x600/fit/2021/02/22/cho-thue-phong-tro_1613975723.jpg]
[phongtro123.com/cho-thue-phong-tro.html]
[phongtro123.com/nha-cho-thuea76d]
[phongtro123.com/nha-cho-thue.20d9f9e.delayed]
[phongtro123.com/chinh-chu-cho-thue-nha-nguyen-can-hem-xe-hoi-456-19a-duong-tran-thi-nam-phuong-tan-chanh-hiep-quan-pr669689.html]
[phongtro123.com/chinh-chu-cho-thue-115-117-ba-van-tan-binh-dt-13x8m-3-tang-gia-55-trieu-pr669678.html]
[phongtro123.com/nha-nguyen-can-mt-quan-3-4-tang-4pn-gia-1xtr-pr667649.html]
[phongtro123.com/cho-thue-nha-nguyen-can-le-van-sy-dang-van-ngu-4-tang-4pn-pr669660.html]
[phongtro123.com/cho-thue-nha-nguyen-can-quan-phu-nhuan-ho-chi-minh.html]
[phongtro123.com/tinh-thanh/ho-chi-minh/cho-thue-nha-nguyen-can-mat-tien-huynh-tan-phat-nha-be-giap-q7.html]
[phongtro123.com/cho-thue-nha-nguyen-can-huyen-nha-be-ho-chi-minh.html]
[phongtro123.com/cho-thue-nha-nc-hem-3m-dang-nguyen-can-q-6-2-pr669642.html]
[phongtro123.com/cho-thue-nha-nguyen-can-quan-7-pr669594.html]
[phongtro123.com/cho-theu-nha-phu-hop-cho-gia-dinh-3-4-nguoi-pr669523.html]
[phongtro123.com/nha-cho-thue4658.html]
[phongtro123.com/nha-cho-thue9ba9.html]
[phongtro123.com/nha-cho-thuefdb0.html]
[phongtro123.com/tags/thue-nha-nguyen-can-gia-4-trieu-tphcm.html]
[phongtro123.com/nha-cho-thue1eb7]
[phongtro123.com/nha-cho-thue0f58]
[phongtro123.com/nha-cho-thue.21e56c5.delayed]
[phongtro123.com/nha-cho-thue.21fe9e9.delayed]
[phongtro123.com/nha-cho-thue.2201179.delayed]
[phongtro123.com/nha-cho-thue.2212037.delayed]
[phongtro123.com/nha-cho-thue.222f318.delayed]
[phongtro123.com/nha-cho-thue.223a646.delayed]
[phongtro123.com/nha-cho-thue.224f85e.delayed]
[phongtro123.com/nha-cho-thue.225b6c5.delayed]
[phongtro123.com/nha-cho-thue.226ffb2.delayed]
[phongtro123.com/nha-cho-thue.2277c6c.delayed]
[phongtro123.com/nha-cho-thue.2283b56.delayed]
[phongtro123.com/nha-cho-thue.229e1a1.delayed]
[pt123.cdn.static123.com/images/thumbs/900x600/fit/2024/10/29/cho-thue-nha-nguyen-can-nha-rieng_1730194105.jpg]
[pt123.cdn.static123.com/images/thumbs/900x600/fit/2024/10/30/cho-thue-nha-gia-re-tai-phongtro123-com_1730281261.jpg]
[phongtro123.com/nha-cho-thue.html]
[phongtro123.com/cho-thue-can-hoa76d]
[phongtro123.com/cho-thue-can-ho.2369f9e.delayed]
[pt123.cdn.static123.com/images/thumbs/450x300/fit/2024/11/16/p-20180217-140156_1731723414.jpg]
[pt123.cdn.static123.com/images/thumbs/450x300/fit/2021/05/25/b0f4ef541ac4f69aafd5_1621931096.jpg]
[phongtro123.com/can-ho-dich-vu-ngay-kinh-duong-vuong-cong-vien-phu-lam-full-noi-that-cua-so-anh-sang-pr668464.html]
[phongtro123.com/cho-thue-can-ho.html]
[phongtro123.com/tim-nguoi-o-ghep.html]
[phongtro123.com/cho-thue-mat-bang.html]
[phongtro123.com/blog.html]
